nohup: ignoring input
[INFO] [1786738961.921103639] [square_route_planner]: Square route planner (Sanal Tegetli) hazir. (r=2.0 m, step=0.5)
[INFO] [1786738961.922514161] [square_route_planner]: Noktalar: S=(0.0, 0.0), E=(5.0, -10.0), B=(5.0, 5.0). Rota hesaplaniyor...
[INFO] [1786738961.923058922] [square_route_planner]: Sanal Cember Yayi: 249.1 derece, donus saat yonu tersi (CCW)
[INFO] [1786738961.925819527] [square_route_planner]: Rota yayinlandi: 65 waypoint, toplam 32.68 m.
[INFO] [1786739062.653919050] [square_route_planner]: Noktalar: S=(0.0, 0.0), E=(5.0, -10.0), B=(5.0, 5.0). Rota hesaplaniyor...
[INFO] [1786739062.654815052] [square_route_planner]: Sanal Cember Yayi: 249.1 derece, donus saat yonu tersi (CCW)
[INFO] [1786739062.657429618] [square_route_planner]: Rota yayinlandi: 65 waypoint, toplam 32.68 m.
Traceback (most recent call last):
  File "/home/femre/ros-ws/install/zed_pose_test/lib/python3.12/site-packages/zed_pose_test/square_route_planner.py", line 325, in main
    rclpy.spin(node)
  File "/opt/ros/jazzy/lib/python3.12/site-packages/rclpy/__init__.py", line 247, in spin
    executor.spin_once()
  File "/opt/ros/jazzy/lib/python3.12/site-packages/rclpy/executors.py", line 926, in spin_once
    self._spin_once_impl(timeout_sec)
  File "/opt/ros/jazzy/lib/python3.12/site-packages/rclpy/executors.py", line 907, in _spin_once_impl
    handler, entity, node = self.wait_for_ready_callbacks(
                            ^^^^^^^^^^^^^^^^^^^^^^^^^^^^^^
  File "/opt/ros/jazzy/lib/python3.12/site-packages/rclpy/executors.py", line 877, in wait_for_ready_callbacks
    return next(self._cb_iter)
           ^^^^^^^^^^^^^^^^^^^
  File "/opt/ros/jazzy/lib/python3.12/site-packages/rclpy/executors.py", line 785, in _wait_for_ready_callbacks
    raise ExternalShutdownException()
rclpy.executors.ExternalShutdownException

During handling of the above exception, another exception occurred:

Traceback (most recent call last):
  File "/home/femre/ros-ws/install/zed_pose_test/lib/zed_pose_test/square_route_planner", line 33, in <module>
    sys.exit(load_entry_point('zed-pose-test==0.0.0', 'console_scripts', 'square_route_planner')())
             ^^^^^^^^^^^^^^^^^^^^^^^^^^^^^^^^^^^^^^^^^^^^^^^^^^^^^^^^^^^^^^^^^^^^^^^^^^^^^^^^^^^^^
  File "/home/femre/ros-ws/install/zed_pose_test/lib/python3.12/site-packages/zed_pose_test/square_route_planner.py", line 330, in main
    rclpy.shutdown()
  File "/opt/ros/jazzy/lib/python3.12/site-packages/rclpy/__init__.py", line 134, in shutdown
    _shutdown(context=context)
  File "/opt/ros/jazzy/lib/python3.12/site-packages/rclpy/utilities.py", line 82, in shutdown
    context.shutdown()
  File "/opt/ros/jazzy/lib/python3.12/site-packages/rclpy/context.py", line 129, in shutdown
    self.__context.shutdown()
rclpy._rclpy_pybind11.RCLError: failed to shutdown: rcl_shutdown already called on the given context, at ./src/rcl/init.c:333
